// Jest Snapshot v1, https://goo.gl/fbAQLP

exports[`should render an ExpenseListItem component with the first expense data 1`] = `
<div>
  <Link
    to="/edit/1"
  >
    <h3>
      gum
    </h3>
  </Link>
  <p>
    195
     - 
    <Component />
  </p>
</div>
`;
